// Jest Snapshot v1, https://goo.gl/fbAQLP

exports[`Testing VideosContainer Render Properly 1`] = `
<div
  className="main-container"
>
  VerticalSlider
</div>
`;
