// Jest Snapshot v1, https://goo.gl/fbAQLP

exports[`Test Slider Should Render Properly Slider 1`] = `
<div
  className="slider"
/>
`;
