// Jest Snapshot v1, https://goo.gl/fbAQLP

exports[`Testing LatestVideosContainer Render Properly 1`] = `
<section
  className="main-container"
>
  VideosList
</section>
`;
