// Jest Snapshot v1, https://goo.gl/fbAQLP

exports[`Testing Constructor Points Component render properly based on props 1`] = `
<div
  className="driver-row"
>
  <p>
    7
  </p>
  <p>
    Mercedes
  </p>
  <p />
  <p>
    German
  </p>
  <p>
    100
  </p>
</div>
`;
