// Jest Snapshot v1, https://goo.gl/fbAQLP

exports[`test Video Snapshot test Video component 1`] = `
<div
  className="player-wrapper"
>
  <div
    className="player"
    style={
      Object {
        "height": "100%",
        "width": "100%",
      }
    }
  />
</div>
`;
