// Jest Snapshot v1, https://goo.gl/fbAQLP

exports[`Testing MainVideo Render Properly 1`] = `null`;
